[
 {
  "eraId": "antiquity",
  "yearStart": -3000,
  "yearEnd": 476,
  "pxPerYear": 4.0543888759582245,
  "pixelStart": 0,
  "pixelEnd": 14093.055732830788
 },
 {
  "eraId": "middle-ages",
  "yearStart": 476,
  "yearEnd": 1453,
  "pxPerYear": 5.405851834610966,
  "pixelStart": 14093.055732830788,
  "pixelEnd": 19374.5729752457
 },
 {
  "eraId": "renaissance",
  "yearStart": 1453,
  "yearEnd": 1600,
  "pxPerYear": 3.979307600477517,
  "pixelStart": 19374.5729752457,
  "pixelEnd": 19959.531192515897
 },
 {
  "eraId": "early-modern",
  "yearStart": 1600,
  "yearEnd": 1789,
  "pxPerYear": 4.730120355284596,
  "pixelStart": 19959.531192515897,
  "pixelEnd": 20853.523939664687
 },
 {
  "eraId": "revolutions",
  "yearStart": 1789,
  "yearEnd": 1848,
  "pxPerYear": 3.979307600477517,
  "pixelStart": 20853.523939664687,
  "pixelEnd": 21088.30308809286
 },
 {
  "eraId": "19th-century",
  "yearStart": 1848,
  "yearEnd": 1914,
  "pxPerYear": 4.0543888759582245,
  "pixelStart": 21088.30308809286,
  "pixelEnd": 21355.892753906104
 },
 {
  "eraId": "world-wars",
  "yearStart": 1914,
  "yearEnd": 1945,
  "pxPerYear": 3.979307600477517,
  "pixelStart": 21355.892753906104,
  "pixelEnd": 21479.251289520907
 },
 {
  "eraId": "cold-war",
  "yearStart": 1945,
  "yearEnd": 1991,
  "pxPerYear": 4.0543888759582245,
  "pixelStart": 21479.251289520907,
  "pixelEnd": 21665.753177814986
 },
 {
  "eraId": "contemporary",
  "yearStart": 1991,
  "yearEnd": 2026,
  "pxPerYear": 3.979307600477517,
  "pixelStart": 21665.753177814986,
  "pixelEnd": 21805.028943831698
 }
]
monotonic/contiguous: true withinCaps: true
vikings(793) era: middle-ages pxPerYear: 5.405851834610966
