
[1m[30m[46m RUN [49m[39m[22m [36mv4.1.10 [39m[90mC:/workspace/frise-serie[39m

 [31m❯[39m tests/year-to-pixel.test.ts [2m([22m[2m25 tests[22m[2m | [22m[31m1 failed[39m[2m)[22m[32m 19[2mms[22m[39m
     [32m✓[39m produces contiguous zones with no gaps or overlaps across real data[32m 2[2mms[22m[39m
     [32m✓[39m keeps every real zone's pxPerYear within MIN_PX_PER_YEAR/MAX_PX_PER_YEAR[32m 1[2mms[22m[39m
     [32m✓[39m gives an era with above-average show density a higher pxPerYear than a below-average one[32m 0[2mms[22m[39m
     [32m✓[39m clamps pxPerYear to MIN_PX_PER_YEAR when base density would fall below it[32m 0[2mms[22m[39m
     [32m✓[39m clamps pxPerYear to MAX_PX_PER_YEAR when weighted density would exceed it[32m 0[2mms[22m[39m
     [32m✓[39m handles zero shows without dividing by zero (avgShowCount falls back to weight 1)[32m 0[2mms[22m[39m
     [32m✓[39m sorts eras by yearStart regardless of input order[32m 1[2mms[22m[39m
     [32m✓[39m maps the Vikings narrative start (793) into the middle-ages zone, matching manual interpolation[32m 0[2mms[22m[39m
     [32m✓[39m inverts back to 793 via pixelToYear (Vikings demo round-trip)[32m 0[2mms[22m[39m
     [32m✓[39m maps a BC narrative year (Spartacus, -73) into the antiquity zone[32m 0[2mms[22m[39m
[31m     [31m×[31m treats the BC/AD transition as exactly one year (no year zero), not two[39m[32m 6[2mms[22m[39m
     [32m✓[39m lands era-boundary years (476) exactly on the shared antiquity/middle-ages pixel boundary[32m 0[2mms[22m[39m
     [32m✓[39m includes the final zone's yearEnd inclusively (last-zone boundary)[32m 0[2mms[22m[39m
     [32m✓[39m extrapolates using the nearest boundary zone's rate for years before the first zone, and round-trips exactly[32m 0[2mms[22m[39m
     [32m✓[39m extrapolates using the nearest boundary zone's rate for years after the last zone, and round-trips exactly[32m 0[2mms[22m[39m
     [32m✓[39m returns the zone start pixel for a zero-year-span zone (degenerate fraction branch)[32m 0[2mms[22m[39m
     [32m✓[39m throws on an empty zones array[32m 1[2mms[22m[39m
     [32m✓[39m throws on an empty zones array[32m 0[2mms[22m[39m
     [32m✓[39m clamps pixels below the first zone to the first zone (nearest-boundary fallback)[32m 0[2mms[22m[39m
     [32m✓[39m clamps pixels above the last zone to the last zone (nearest-boundary fallback)[32m 0[2mms[22m[39m
     [32m✓[39m returns the zone's historical start year for a zero-pixel-span zone (degenerate fraction branch)[32m 0[2mms[22m[39m
     [32m✓[39m rounds a fractional astronomical year to the nearest integer year[32m 0[2mms[22m[39m
     [32m✓[39m round-trips exactly for representative years (start/midpoint/end-1) across every real era[32m 1[2mms[22m[39m
     [32m✓[39m round-trips exactly for every show's narrativeYearStart, including BC dates[32m 2[2mms[22m[39m
     [32m✓[39m round-trips exactly at the final zone's yearEnd (last-zone inclusive boundary)[32m 0[2mms[22m[39m

[2m Test Files [22m [1m[31m1 failed[39m[22m[90m (1)[39m
[2m      Tests [22m [1m[31m1 failed[39m[22m[2m | [22m[1m[32m24 passed[39m[22m[90m (25)[39m
[2m   Start at [22m 22:30:40
[2m   Duration [22m 642ms[2m (transform 152ms, setup 0ms, import 193ms, tests 19ms, environment 0ms)[22m

